[15.ai/favicon-32x32.png]
[backblue.gif]
[fade.gif]
[index.html]
[15.ai/js/app.bb554103.js]
[15.ai/index.html]
[15.ai/js/chunk-vendors.330521ec.js]
[15.ai/css/app.f0e3dd83.css]
[15.ai/fonts/KaTeX_AMS-Regular.38a68f7d.woff2]
[15.ai/fonts/KaTeX_AMS-Regular.7d307e83.woff]
[15.ai/fonts/KaTeX_AMS-Regular.2dbe16b4.ttf]
[15.ai/fonts/KaTeX_Caligraphic-Bold.342b2969.woff2]
[15.ai/fonts/KaTeX_Caligraphic-Bold.9634168f.woff]
[15.ai/fonts/KaTeX_Caligraphic-Bold.33d26881.ttf]
[15.ai/fonts/KaTeX_Caligraphic-Regular.b5004973.woff2]
[15.ai/fonts/KaTeX_Caligraphic-Regular.00029fb4.woff]
[15.ai/fonts/KaTeX_Caligraphic-Regular.5e7940b4.ttf]
[15.ai/fonts/KaTeX_Fraktur-Bold.7a3757c0.woff2]
[15.ai/fonts/KaTeX_Fraktur-Bold.4de87d40.woff]
[15.ai/fonts/KaTeX_Fraktur-Bold.ed330126.ttf]
[15.ai/fonts/KaTeX_Fraktur-Regular.450cc4d9.woff2]
[15.ai/fonts/KaTeX_Fraktur-Regular.dc4e330b.woff]
[15.ai/fonts/KaTeX_Fraktur-Regular.82d05fe2.ttf]
[15.ai/fonts/KaTeX_Main-Bold.78b0124f.woff2]
[15.ai/fonts/KaTeX_Main-Bold.62c69756.woff]
[15.ai/fonts/KaTeX_Main-Bold.2e1915b1.ttf]
[15.ai/fonts/KaTeX_Main-BoldItalic.c7213ceb.woff2]
[15.ai/fonts/KaTeX_Main-BoldItalic.a2e3dcd2.woff]
[15.ai/fonts/KaTeX_Main-BoldItalic.0d817b48.ttf]
[15.ai/fonts/KaTeX_Main-Italic.eea32672.woff2]
[15.ai/fonts/KaTeX_Main-Italic.081073fd.woff]
[15.ai/fonts/KaTeX_Main-Italic.767e06e1.ttf]
[15.ai/fonts/KaTeX_Main-Regular.f30e3b21.woff2]
[15.ai/fonts/KaTeX_Main-Regular.756fad0d.woff]
[15.ai/fonts/KaTeX_Main-Regular.689bbe6b.ttf]
[15.ai/fonts/KaTeX_Math-BoldItalic.753ca3df.woff2]
[15.ai/fonts/KaTeX_Math-BoldItalic.b3e80ff3.woff]
[15.ai/fonts/KaTeX_Math-BoldItalic.d9377b53.ttf]
[15.ai/fonts/KaTeX_Math-Italic.2a39f382.woff2]
[15.ai/fonts/KaTeX_Math-Italic.67710bb2.woff]
[15.ai/fonts/KaTeX_Math-Italic.0343f93e.ttf]
[15.ai/fonts/KaTeX_SansSerif-Bold.59b37733.woff2]
[15.ai/fonts/KaTeX_SansSerif-Bold.f28c4fa2.woff]
[15.ai/fonts/KaTeX_SansSerif-Bold.dfcc59ad.ttf]
[15.ai/fonts/KaTeX_SansSerif-Italic.99ad93a4.woff2]
[15.ai/fonts/KaTeX_SansSerif-Italic.9d0fdf5d.woff]
[15.ai/fonts/KaTeX_SansSerif-Italic.3ab5188c.ttf]
[15.ai/fonts/KaTeX_SansSerif-Regular.badf3598.woff2]
[15.ai/fonts/KaTeX_SansSerif-Regular.6c3bd5b5.woff]
[15.ai/fonts/KaTeX_SansSerif-Regular.d511ebce.ttf]
[15.ai/fonts/KaTeX_Script-Regular.af7bc98b.woff2]
[15.ai/fonts/KaTeX_Script-Regular.4edf4e0f.woff]
[15.ai/fonts/KaTeX_Script-Regular.082640ca.ttf]
[15.ai/fonts/KaTeX_Size1-Regular.10ec8be6.woff2]
[15.ai/fonts/KaTeX_Size1-Regular.35b99771.woff]
[15.ai/fonts/KaTeX_Size1-Regular.2c2dc3b0.ttf]
[15.ai/fonts/KaTeX_Size2-Regular.96a09bfe.woff2]
[15.ai/fonts/KaTeX_Size2-Regular.9932a08b.woff]
[15.ai/css/chunk-vendors.3c545a38.css]
[15.ai/fonts/KaTeX_Size2-Regular.114ad198.ttf]
